<?xml version="1.0" encoding="ISO-8859-1" ?>
<link_info>
   <banner>TI ARM Linker PC v20.2.3.LTS</banner>
   <copyright>Copyright (c) 1996-2018 Texas Instruments Incorporated</copyright>
   <link_time>0x5fd19fe8</link_time>
   <link_errors>0x0</link_errors>
   <output_file>final_project_v2.out</output_file>
   <entry_point>
      <name>_c_int00_noargs</name>
      <address>0x616d</address>
   </entry_point>
   <input_file_list>
      <input_file id="fl-2">
         <path>.\</path>
         <kind>object</kind>
         <file>arrow_down_bitmap.obj</file>
         <name>arrow_down_bitmap.obj</name>
      </input_file>
      <input_file id="fl-3">
         <path>.\</path>
         <kind>object</kind>
         <file>arrow_left_bitmap.obj</file>
         <name>arrow_left_bitmap.obj</name>
      </input_file>
      <input_file id="fl-4">
         <path>.\</path>
         <kind>object</kind>
         <file>arrow_right_bitmap.obj</file>
         <name>arrow_right_bitmap.obj</name>
      </input_file>
      <input_file id="fl-5">
         <path>.\</path>
         <kind>object</kind>
         <file>arrow_up_bitmap.obj</file>
         <name>arrow_up_bitmap.obj</name>
      </input_file>
      <input_file id="fl-6">
         <path>.\</path>
         <kind>object</kind>
         <file>bopit_bitmap.obj</file>
         <name>bopit_bitmap.obj</name>
      </input_file>
      <input_file id="fl-7">
         <path>.\</path>
         <kind>object</kind>
         <file>button1_bitmap.obj</file>
         <name>button1_bitmap.obj</name>
      </input_file>
      <input_file id="fl-8">
         <path>.\</path>
         <kind>object</kind>
         <file>button2_bitmap.obj</file>
         <name>button2_bitmap.obj</name>
      </input_file>
      <input_file id="fl-9">
         <path>.\</path>
         <kind>object</kind>
         <file>buzzer.obj</file>
         <name>buzzer.obj</name>
      </input_file>
      <input_file id="fl-a">
         <path>.\</path>
         <kind>object</kind>
         <file>i2c.obj</file>
         <name>i2c.obj</name>
      </input_file>
      <input_file id="fl-b">
         <path>.\</path>
         <kind>object</kind>
         <file>lcd.obj</file>
         <name>lcd.obj</name>
      </input_file>
      <input_file id="fl-c">
         <path>.\</path>
         <kind>object</kind>
         <file>lightbulb_bitmap.obj</file>
         <name>lightbulb_bitmap.obj</name>
      </input_file>
      <input_file id="fl-d">
         <path>.\</path>
         <kind>object</kind>
         <file>main.obj</file>
         <name>main.obj</name>
      </input_file>
      <input_file id="fl-e">
         <path>.\</path>
         <kind>object</kind>
         <file>startup_msp432p401r_ccs.obj</file>
         <name>startup_msp432p401r_ccs.obj</name>
      </input_file>
      <input_file id="fl-f">
         <path>.\</path>
         <kind>object</kind>
         <file>system_msp432p401r.obj</file>
         <name>system_msp432p401r.obj</name>
      </input_file>
      <input_file id="fl-10">
         <path>.\</path>
         <kind>object</kind>
         <file>task_accelerometer.obj</file>
         <name>task_accelerometer.obj</name>
      </input_file>
      <input_file id="fl-11">
         <path>.\</path>
         <kind>object</kind>
         <file>task_action_timer.obj</file>
         <name>task_action_timer.obj</name>
      </input_file>
      <input_file id="fl-12">
         <path>.\</path>
         <kind>object</kind>
         <file>task_amb_light.obj</file>
         <name>task_amb_light.obj</name>
      </input_file>
      <input_file id="fl-13">
         <path>.\</path>
         <kind>object</kind>
         <file>task_bop_it.obj</file>
         <name>task_bop_it.obj</name>
      </input_file>
      <input_file id="fl-14">
         <path>.\</path>
         <kind>object</kind>
         <file>task_buttons.obj</file>
         <name>task_buttons.obj</name>
      </input_file>
      <input_file id="fl-15">
         <path>.\FreeRTOS\</path>
         <kind>object</kind>
         <file>croutine.obj</file>
         <name>croutine.obj</name>
      </input_file>
      <input_file id="fl-16">
         <path>.\FreeRTOS\</path>
         <kind>object</kind>
         <file>event_groups.obj</file>
         <name>event_groups.obj</name>
      </input_file>
      <input_file id="fl-17">
         <path>.\FreeRTOS\</path>
         <kind>object</kind>
         <file>heap_4.obj</file>
         <name>heap_4.obj</name>
      </input_file>
      <input_file id="fl-18">
         <path>.\FreeRTOS\</path>
         <kind>object</kind>
         <file>list.obj</file>
         <name>list.obj</name>
      </input_file>
      <input_file id="fl-19">
         <path>.\FreeRTOS\</path>
         <kind>object</kind>
         <file>queue.obj</file>
         <name>queue.obj</name>
      </input_file>
      <input_file id="fl-1a">
         <path>.\FreeRTOS\</path>
         <kind>object</kind>
         <file>stream_buffer.obj</file>
         <name>stream_buffer.obj</name>
      </input_file>
      <input_file id="fl-1b">
         <path>.\FreeRTOS\</path>
         <kind>object</kind>
         <file>tasks.obj</file>
         <name>tasks.obj</name>
      </input_file>
      <input_file id="fl-1c">
         <path>.\FreeRTOS\</path>
         <kind>object</kind>
         <file>timers.obj</file>
         <name>timers.obj</name>
      </input_file>
      <input_file id="fl-1d">
         <path>.\FreeRTOS\portable\</path>
         <kind>object</kind>
         <file>port.obj</file>
         <name>port.obj</name>
      </input_file>
      <input_file id="fl-1e">
         <path>.\FreeRTOS\portable\</path>
         <kind>object</kind>
         <file>portasm.obj</file>
         <name>portasm.obj</name>
      </input_file>
      <input_file id="fl-22">
         <kind>object</kind>
         <file>&lt;internal&gt;</file>
         <name>&lt;internal&gt;</name>
      </input_file>
      <input_file id="fl-d8">
         <path>C:\ti\ccs1010\ccs\tools\compiler\ti-cgt-arm_20.2.3.LTS\lib\</path>
         <kind>archive</kind>
         <file>rtsv7M4_T_le_v4SPD16_eabi.lib</file>
         <name>fd_add_t2.asm.obj</name>
      </input_file>
      <input_file id="fl-d9">
         <path>C:\ti\ccs1010\ccs\tools\compiler\ti-cgt-arm_20.2.3.LTS\lib\</path>
         <kind>archive</kind>
         <file>rtsv7M4_T_le_v4SPD16_eabi.lib</file>
         <name>fd_cmp_t2.asm.obj</name>
      </input_file>
      <input_file id="fl-da">
         <path>C:\ti\ccs1010\ccs\tools\compiler\ti-cgt-arm_20.2.3.LTS\lib\</path>
         <kind>archive</kind>
         <file>rtsv7M4_T_le_v4SPD16_eabi.lib</file>
         <name>fd_mul_t2.asm.obj</name>
      </input_file>
      <input_file id="fl-db">
         <path>C:\ti\ccs1010\ccs\tools\compiler\ti-cgt-arm_20.2.3.LTS\lib\</path>
         <kind>archive</kind>
         <file>rtsv7M4_T_le_v4SPD16_eabi.lib</file>
         <name>fd_tos_t2.asm.obj</name>
      </input_file>
      <input_file id="fl-dc">
         <path>C:\ti\ccs1010\ccs\tools\compiler\ti-cgt-arm_20.2.3.LTS\lib\</path>
         <kind>archive</kind>
         <file>rtsv7M4_T_le_v4SPD16_eabi.lib</file>
         <name>i_tofd_t2.asm.obj</name>
      </input_file>
      <input_file id="fl-dd">
         <path>C:\ti\ccs1010\ccs\tools\compiler\ti-cgt-arm_20.2.3.LTS\lib\</path>
         <kind>archive</kind>
         <file>rtsv7M4_T_le_v4SPD16_eabi.lib</file>
         <name>memcpy_t2.asm.obj</name>
      </input_file>
      <input_file id="fl-de">
         <path>C:\ti\ccs1010\ccs\tools\compiler\ti-cgt-arm_20.2.3.LTS\lib\</path>
         <kind>archive</kind>
         <file>rtsv7M4_T_le_v4SPD16_eabi.lib</file>
         <name>memset_t2.asm.obj</name>
      </input_file>
      <input_file id="fl-df">
         <path>C:\ti\ccs1010\ccs\tools\compiler\ti-cgt-arm_20.2.3.LTS\lib\</path>
         <kind>archive</kind>
         <file>rtsv7M4_T_le_v4SPD16_eabi.lib</file>
         <name>copy_zero_init.c.obj</name>
      </input_file>
      <input_file id="fl-e0">
         <path>C:\ti\ccs1010\ccs\tools\compiler\ti-cgt-arm_20.2.3.LTS\lib\</path>
         <kind>archive</kind>
         <file>rtsv7M4_T_le_v4SPD16_eabi.lib</file>
         <name>copy_decompress_none.c.obj</name>
      </input_file>
      <input_file id="fl-e1">
         <path>C:\ti\ccs1010\ccs\tools\compiler\ti-cgt-arm_20.2.3.LTS\lib\</path>
         <kind>archive</kind>
         <file>rtsv7M4_T_le_v4SPD16_eabi.lib</file>
         <name>copy_decompress_lzss.c.obj</name>
      </input_file>
      <input_file id="fl-e2">
         <path>C:\ti\ccs1010\ccs\tools\compiler\ti-cgt-arm_20.2.3.LTS\lib\</path>
         <kind>archive</kind>
         <file>rtsv7M4_T_le_v4SPD16_eabi.lib</file>
         <name>rand.c.obj</name>
      </input_file>
      <input_file id="fl-e3">
         <path>C:\ti\ccs1010\ccs\tools\compiler\ti-cgt-arm_20.2.3.LTS\lib\</path>
         <kind>archive</kind>
         <file>rtsv7M4_T_le_v4SPD16_eabi.lib</file>
         <name>boot_cortex_m.c.obj</name>
      </input_file>
      <input_file id="fl-e4">
         <path>C:\ti\ccs1010\ccs\tools\compiler\ti-cgt-arm_20.2.3.LTS\lib\</path>
         <kind>archive</kind>
         <file>rtsv7M4_T_le_v4SPD16_eabi.lib</file>
         <name>time.c.obj</name>
      </input_file>
      <input_file id="fl-e5">
         <path>C:\ti\ccs1010\ccs\tools\compiler\ti-cgt-arm_20.2.3.LTS\lib\</path>
         <kind>archive</kind>
         <file>rtsv7M4_T_le_v4SPD16_eabi.lib</file>
         <name>autoinit.c.obj</name>
      </input_file>
      <input_file id="fl-e6">
         <path>C:\ti\ccs1010\ccs\tools\compiler\ti-cgt-arm_20.2.3.LTS\lib\</path>
         <kind>archive</kind>
         <file>rtsv7M4_T_le_v4SPD16_eabi.lib</file>
         <name>pre_init.c.obj</name>
      </input_file>
      <input_file id="fl-e7">
         <path>C:\ti\ccs1010\ccs\tools\compiler\ti-cgt-arm_20.2.3.LTS\lib\</path>
         <kind>archive</kind>
         <file>rtsv7M4_T_le_v4SPD16_eabi.lib</file>
         <name>cpy_tbl.c.obj</name>
      </input_file>
      <input_file id="fl-e8">
         <path>C:\ti\ccs1010\ccs\tools\compiler\ti-cgt-arm_20.2.3.LTS\lib\</path>
         <kind>archive</kind>
         <file>rtsv7M4_T_le_v4SPD16_eabi.lib</file>
         <name>exit.c.obj</name>
      </input_file>
      <input_file id="fl-e9">
         <path>C:\ti\ccs1010\ccs\tools\compiler\ti-cgt-arm_20.2.3.LTS\lib\</path>
         <kind>archive</kind>
         <file>rtsv7M4_T_le_v4SPD16_eabi.lib</file>
         <name>_lock.c.obj</name>
      </input_file>
      <input_file id="fl-ea">
         <path>C:\ti\ccs1010\ccs\tools\compiler\ti-cgt-arm_20.2.3.LTS\lib\</path>
         <kind>archive</kind>
         <file>rtsv7M4_T_le_v4SPD16_eabi.lib</file>
         <name>args_main.c.obj</name>
      </input_file>
      <input_file id="fl-eb">
         <path>C:\ti\ccs1010\ccs\tools\compiler\ti-cgt-arm_20.2.3.LTS\lib\</path>
         <kind>archive</kind>
         <file>rtsv7M4_T_le_v4SPD16_eabi.lib</file>
         <name>hosttime.c.obj</name>
      </input_file>
      <input_file id="fl-ec">
         <path>C:\ti\ccs1010\ccs\tools\compiler\ti-cgt-arm_20.2.3.LTS\lib\</path>
         <kind>archive</kind>
         <file>rtsv7M4_T_le_v4SPD16_eabi.lib</file>
         <name>trgmsg.c.obj</name>
      </input_file>
      <input_file id="fl-ed">
         <path>C:\ti\ccs1010\ccs\tools\compiler\ti-cgt-arm_20.2.3.LTS\lib\</path>
         <kind>archive</kind>
         <file>rtsv7M4_T_le_v4SPD16_eabi.lib</file>
         <name>hostopen.c.obj</name>
      </input_file>
      <input_file id="fl-ee">
         <path>C:\ti\ccs1010\ccs\tools\compiler\ti-cgt-arm_20.2.3.LTS\lib\</path>
         <kind>archive</kind>
         <file>rtsv7M4_T_le_v4SPD16_eabi.lib</file>
         <name>strlen.c.obj</name>
      </input_file>
   </input_file_list>
   <object_component_list>
      <object_component id="oc-26">
         <name>.intvecs:retain</name>
         <load_address>0x0</load_address>
         <run_address>0x0</run_address>
         <size>0xe4</size>
         <input_file_ref idref="fl-e"/>
      </object_component>
      <object_component id="oc-c9">
         <name>.text</name>
         <load_address>0xe4</load_address>
         <run_address>0xe4</run_address>
         <size>0x20c4</size>
         <input_file_ref idref="fl-1b"/>
      </object_component>
      <object_component id="oc-e4">
         <name>.text</name>
         <load_address>0x21a8</load_address>
         <run_address>0x21a8</run_address>
         <size>0x10f0</size>
         <input_file_ref idref="fl-19"/>
      </object_component>
      <object_component id="oc-1b2">
         <name>.text</name>
         <load_address>0x3298</load_address>
         <run_address>0x3298</run_address>
         <size>0x7a4</size>
         <input_file_ref idref="fl-1c"/>
      </object_component>
      <object_component id="oc-22d">
         <name>.text</name>
         <load_address>0x3a3c</load_address>
         <run_address>0x3a3c</run_address>
         <size>0x678</size>
         <input_file_ref idref="fl-b"/>
      </object_component>
      <object_component id="oc-72">
         <name>.text</name>
         <load_address>0x40b4</load_address>
         <run_address>0x40b4</run_address>
         <size>0x438</size>
         <input_file_ref idref="fl-1d"/>
      </object_component>
      <object_component id="oc-19a">
         <name>.text</name>
         <load_address>0x44ec</load_address>
         <run_address>0x44ec</run_address>
         <size>0x42c</size>
         <input_file_ref idref="fl-17"/>
      </object_component>
      <object_component id="oc-bc">
         <name>.text</name>
         <load_address>0x4918</load_address>
         <run_address>0x4918</run_address>
         <size>0x354</size>
         <input_file_ref idref="fl-f"/>
      </object_component>
      <object_component id="oc-130">
         <name>.text</name>
         <load_address>0x4c6c</load_address>
         <run_address>0x4c6c</run_address>
         <size>0x264</size>
         <input_file_ref idref="fl-13"/>
      </object_component>
      <object_component id="oc-7e">
         <name>.text</name>
         <load_address>0x4ed0</load_address>
         <run_address>0x4ed0</run_address>
         <size>0x248</size>
         <input_file_ref idref="fl-14"/>
      </object_component>
      <object_component id="oc-78">
         <name>.text</name>
         <load_address>0x5118</load_address>
         <run_address>0x5118</run_address>
         <size>0x214</size>
         <input_file_ref idref="fl-10"/>
      </object_component>
      <object_component id="oc-124">
         <name>.text</name>
         <load_address>0x532c</load_address>
         <run_address>0x532c</run_address>
         <size>0x1c0</size>
         <input_file_ref idref="fl-a"/>
      </object_component>
      <object_component id="oc-222">
         <name>.text</name>
         <load_address>0x54ec</load_address>
         <run_address>0x54ec</run_address>
         <size>0x1b6</size>
         <input_file_ref idref="fl-d8"/>
      </object_component>
      <object_component id="oc-31b">
         <name>.text:_nop</name>
         <load_address>0x56a2</load_address>
         <run_address>0x56a2</run_address>
         <size>0x2</size>
         <input_file_ref idref="fl-e9"/>
      </object_component>
      <object_component id="oc-136">
         <name>.text</name>
         <load_address>0x56a4</load_address>
         <run_address>0x56a4</run_address>
         <size>0x178</size>
         <input_file_ref idref="fl-9"/>
      </object_component>
      <object_component id="oc-aa">
         <name>.text</name>
         <load_address>0x581c</load_address>
         <run_address>0x581c</run_address>
         <size>0x16c</size>
         <input_file_ref idref="fl-d"/>
      </object_component>
      <object_component id="oc-1a0">
         <name>.text</name>
         <load_address>0x5988</load_address>
         <run_address>0x5988</run_address>
         <size>0x12a</size>
         <input_file_ref idref="fl-18"/>
      </object_component>
      <object_component id="oc-12a">
         <name>.text</name>
         <load_address>0x5ab4</load_address>
         <run_address>0x5ab4</run_address>
         <size>0x110</size>
         <input_file_ref idref="fl-12"/>
      </object_component>
      <object_component id="oc-21d">
         <name>.text</name>
         <load_address>0x5bc4</load_address>
         <run_address>0x5bc4</run_address>
         <size>0xfc</size>
         <input_file_ref idref="fl-da"/>
      </object_component>
      <object_component id="oc-6d">
         <name>.text</name>
         <load_address>0x5cc0</load_address>
         <run_address>0x5cc0</run_address>
         <size>0xda</size>
         <input_file_ref idref="fl-1e"/>
      </object_component>
      <object_component id="oc-37">
         <name>.text</name>
         <load_address>0x5d9a</load_address>
         <run_address>0x5d9a</run_address>
         <size>0x9c</size>
         <input_file_ref idref="fl-dd"/>
      </object_component>
      <object_component id="oc-218">
         <name>.text:__aeabi_cdcmple</name>
         <load_address>0x5e36</load_address>
         <run_address>0x5e36</run_address>
         <size>0x86</size>
         <input_file_ref idref="fl-d9"/>
      </object_component>
      <object_component id="oc-9e">
         <name>.text</name>
         <load_address>0x5ebc</load_address>
         <run_address>0x5ebc</run_address>
         <size>0x7a</size>
         <input_file_ref idref="fl-de"/>
      </object_component>
      <object_component id="oc-227">
         <name>.text</name>
         <load_address>0x5f36</load_address>
         <run_address>0x5f36</run_address>
         <size>0x6e</size>
         <input_file_ref idref="fl-db"/>
      </object_component>
      <object_component id="oc-17">
         <name>.text:decompress:lzss:__TI_decompress_lzss</name>
         <load_address>0x5fa4</load_address>
         <run_address>0x5fa4</run_address>
         <size>0x68</size>
         <input_file_ref idref="fl-e1"/>
      </object_component>
      <object_component id="oc-144">
         <name>.text</name>
         <load_address>0x600c</load_address>
         <run_address>0x600c</run_address>
         <size>0x68</size>
         <input_file_ref idref="fl-11"/>
      </object_component>
      <object_component id="oc-2ff">
         <name>.text:HOSTtime</name>
         <load_address>0x6074</load_address>
         <run_address>0x6074</run_address>
         <size>0x48</size>
         <input_file_ref idref="fl-eb"/>
      </object_component>
      <object_component id="oc-15d">
         <name>.text:__TI_auto_init_nobinit_nopinit:__TI_auto_init_nobinit_nopinit</name>
         <load_address>0x60bc</load_address>
         <run_address>0x60bc</run_address>
         <size>0x44</size>
         <input_file_ref idref="fl-e5"/>
      </object_component>
      <object_component id="oc-391">
         <name>.text:__TI_writemsg</name>
         <load_address>0x6100</load_address>
         <run_address>0x6100</run_address>
         <size>0x38</size>
         <input_file_ref idref="fl-ec"/>
      </object_component>
      <object_component id="oc-397">
         <name>.text:__TI_readmsg</name>
         <load_address>0x6138</load_address>
         <run_address>0x6138</run_address>
         <size>0x34</size>
         <input_file_ref idref="fl-ec"/>
      </object_component>
      <object_component id="oc-55">
         <name>.text:_c_int00_noargs:_c_int00_noargs</name>
         <load_address>0x616c</load_address>
         <run_address>0x616c</run_address>
         <size>0x34</size>
         <input_file_ref idref="fl-e3"/>
      </object_component>
      <object_component id="oc-23f">
         <name>.text:rand</name>
         <load_address>0x61a0</load_address>
         <run_address>0x61a0</run_address>
         <size>0x34</size>
         <input_file_ref idref="fl-e2"/>
      </object_component>
      <object_component id="oc-213">
         <name>.text</name>
         <load_address>0x61d4</load_address>
         <run_address>0x61d4</run_address>
         <size>0x2e</size>
         <input_file_ref idref="fl-dc"/>
      </object_component>
      <object_component id="oc-239">
         <name>.text:srand</name>
         <load_address>0x6204</load_address>
         <run_address>0x6204</run_address>
         <size>0x24</size>
         <input_file_ref idref="fl-e2"/>
      </object_component>
      <object_component id="oc-233">
         <name>.text:__time32</name>
         <load_address>0x6228</load_address>
         <run_address>0x6228</run_address>
         <size>0xe</size>
         <input_file_ref idref="fl-e4"/>
      </object_component>
      <object_component id="oc-1d">
         <name>.text:decompress:none:__TI_decompress_none</name>
         <load_address>0x6236</load_address>
         <run_address>0x6236</run_address>
         <size>0xe</size>
         <input_file_ref idref="fl-e0"/>
      </object_component>
      <object_component id="oc-67">
         <name>.text</name>
         <load_address>0x6244</load_address>
         <run_address>0x6244</run_address>
         <size>0xe</size>
         <input_file_ref idref="fl-e"/>
      </object_component>
      <object_component id="oc-49">
         <name>.text:decompress:ZI:__TI_zero_init</name>
         <load_address>0x6252</load_address>
         <run_address>0x6252</run_address>
         <size>0xc</size>
         <input_file_ref idref="fl-df"/>
      </object_component>
      <object_component id="oc-a4">
         <name>.text:_system_pre_init</name>
         <load_address>0x625e</load_address>
         <run_address>0x625e</run_address>
         <size>0x4</size>
         <input_file_ref idref="fl-e6"/>
      </object_component>
      <object_component id="oc-151">
         <name>.text:abort:abort</name>
         <load_address>0x6262</load_address>
         <run_address>0x6262</run_address>
         <size>0x4</size>
         <input_file_ref idref="fl-e8"/>
      </object_component>
      <object_component id="oc-2dd">
         <name>.const:.string:button2imageBitmaps</name>
         <load_address>0x6268</load_address>
         <run_address>0x6268</run_address>
         <size>0xb9</size>
         <input_file_ref idref="fl-8"/>
      </object_component>
      <object_component id="oc-2d7">
         <name>.const:.string:button1Bitmaps</name>
         <load_address>0x6321</load_address>
         <run_address>0x6321</run_address>
         <size>0xb4</size>
         <input_file_ref idref="fl-7"/>
      </object_component>
      <object_component id="oc-2fb">
         <name>.const:.string:lightbulbBitmaps</name>
         <load_address>0x63d5</load_address>
         <run_address>0x63d5</run_address>
         <size>0xb0</size>
         <input_file_ref idref="fl-c"/>
      </object_component>
      <object_component id="oc-2d1">
         <name>.const:.string:bopitBitmaps</name>
         <load_address>0x6485</load_address>
         <run_address>0x6485</run_address>
         <size>0x9c</size>
         <input_file_ref idref="fl-6"/>
      </object_component>
      <object_component id="oc-2ef">
         <name>.const:.string:arrow_downBitmaps</name>
         <load_address>0x6521</load_address>
         <run_address>0x6521</run_address>
         <size>0x73</size>
         <input_file_ref idref="fl-2"/>
      </object_component>
      <object_component id="oc-2f5">
         <name>.const:.string:arrow_leftBitmaps</name>
         <load_address>0x6594</load_address>
         <run_address>0x6594</run_address>
         <size>0x72</size>
         <input_file_ref idref="fl-3"/>
      </object_component>
      <object_component id="oc-2e9">
         <name>.const:.string:arrow_rightBitmaps</name>
         <load_address>0x6606</load_address>
         <run_address>0x6606</run_address>
         <size>0x72</size>
         <input_file_ref idref="fl-4"/>
      </object_component>
      <object_component id="oc-2e3">
         <name>.const:.string:arrow_upBitmaps</name>
         <load_address>0x6678</load_address>
         <run_address>0x6678</run_address>
         <size>0x6e</size>
         <input_file_ref idref="fl-5"/>
      </object_component>
      <object_component id="oc-2ec">
         <name>.const</name>
         <load_address>0x66e6</load_address>
         <run_address>0x66e6</run_address>
         <size>0x2</size>
         <input_file_ref idref="fl-2"/>
      </object_component>
      <object_component id="oc-c6">
         <name>.const</name>
         <load_address>0x66e8</load_address>
         <run_address>0x66e8</run_address>
         <size>0x8</size>
         <input_file_ref idref="fl-1d"/>
      </object_component>
      <object_component id="oc-2f2">
         <name>.const</name>
         <load_address>0x66f0</load_address>
         <run_address>0x66f0</run_address>
         <size>0x2</size>
         <input_file_ref idref="fl-3"/>
      </object_component>
      <object_component id="oc-2e6">
         <name>.const</name>
         <load_address>0x66f2</load_address>
         <run_address>0x66f2</run_address>
         <size>0x2</size>
         <input_file_ref idref="fl-4"/>
      </object_component>
      <object_component id="oc-2e0">
         <name>.const</name>
         <load_address>0x66f4</load_address>
         <run_address>0x66f4</run_address>
         <size>0x2</size>
         <input_file_ref idref="fl-5"/>
      </object_component>
      <object_component id="oc-245">
         <name>.const</name>
         <load_address>0x66f6</load_address>
         <run_address>0x66f6</run_address>
         <size>0x2</size>
         <input_file_ref idref="fl-6"/>
      </object_component>
      <object_component id="oc-2d4">
         <name>.const</name>
         <load_address>0x66f8</load_address>
         <run_address>0x66f8</run_address>
         <size>0x2</size>
         <input_file_ref idref="fl-7"/>
      </object_component>
      <object_component id="oc-2da">
         <name>.const</name>
         <load_address>0x66fa</load_address>
         <run_address>0x66fa</run_address>
         <size>0x2</size>
         <input_file_ref idref="fl-8"/>
      </object_component>
      <object_component id="oc-2f8">
         <name>.const</name>
         <load_address>0x66fc</load_address>
         <run_address>0x66fc</run_address>
         <size>0x2</size>
         <input_file_ref idref="fl-c"/>
      </object_component>
      <object_component id="oc-410">
         <name>.cinit..data.load</name>
         <load_address>0x6700</load_address>
         <run_address>0x6700</run_address>
         <size>0x23</size>
      </object_component>
      <object_component id="oc-40e">
         <name>__TI_handler_table</name>
         <load_address>0x6724</load_address>
         <run_address>0x6724</run_address>
         <size>0xc</size>
      </object_component>
      <object_component id="oc-411">
         <name>.cinit..bss.load</name>
         <load_address>0x6730</load_address>
         <run_address>0x6730</run_address>
         <size>0x8</size>
      </object_component>
      <object_component id="oc-40f">
         <name>__TI_cinit_table</name>
         <load_address>0x6738</load_address>
         <run_address>0x6738</run_address>
         <size>0x10</size>
      </object_component>
      <object_component id="oc-3e2">
         <name>.binit</name>
         <load_address>0x0</load_address>
         <run_address>0x0</run_address>
         <size>0x0</size>
      </object_component>
      <object_component id="oc-fe">
         <name>.data</name>
         <load_address>0x20008338</load_address>
         <run_address>0x20008338</run_address>
         <size>0x4</size>
         <input_file_ref idref="fl-f"/>
      </object_component>
      <object_component id="oc-ea">
         <name>.data</name>
         <load_address>0x2000832c</load_address>
         <run_address>0x2000832c</run_address>
         <size>0x6</size>
         <input_file_ref idref="fl-10"/>
      </object_component>
      <object_component id="oc-251">
         <name>.data</name>
         <load_address>0x20008332</load_address>
         <run_address>0x20008332</run_address>
         <size>0x1</size>
         <input_file_ref idref="fl-11"/>
      </object_component>
      <object_component id="oc-248">
         <name>.data</name>
         <load_address>0x20008333</load_address>
         <run_address>0x20008333</run_address>
         <size>0x1</size>
         <input_file_ref idref="fl-13"/>
      </object_component>
      <object_component id="oc-101">
         <name>.data</name>
         <load_address>0x2000833c</load_address>
         <run_address>0x2000833c</run_address>
         <size>0x4</size>
         <input_file_ref idref="fl-14"/>
      </object_component>
      <object_component id="oc-288">
         <name>.data</name>
         <load_address>0x200082e8</load_address>
         <run_address>0x200082e8</run_address>
         <size>0x18</size>
         <input_file_ref idref="fl-17"/>
      </object_component>
      <object_component id="oc-c3">
         <name>.data</name>
         <load_address>0x200082b4</load_address>
         <run_address>0x200082b4</run_address>
         <size>0x34</size>
         <input_file_ref idref="fl-1b"/>
      </object_component>
      <object_component id="oc-29d">
         <name>.data</name>
         <load_address>0x20008318</load_address>
         <run_address>0x20008318</run_address>
         <size>0xc</size>
         <input_file_ref idref="fl-1c"/>
      </object_component>
      <object_component id="oc-d0">
         <name>.data</name>
         <load_address>0x20008300</load_address>
         <run_address>0x20008300</run_address>
         <size>0x18</size>
         <input_file_ref idref="fl-1d"/>
      </object_component>
      <object_component id="oc-30c">
         <name>.data</name>
         <load_address>0x20008334</load_address>
         <run_address>0x20008334</run_address>
         <size>0x4</size>
         <input_file_ref idref="fl-e2"/>
      </object_component>
      <object_component id="oc-25b">
         <name>.data:$O1$$</name>
         <load_address>0x20008324</load_address>
         <run_address>0x20008324</run_address>
         <size>0x8</size>
         <input_file_ref idref="fl-e9"/>
      </object_component>
      <object_component id="oc-28e">
         <name>.bss:ucHeap</name>
         <uninitialized>true</uninitialized>
         <run_address>0x20000000</run_address>
         <size>0x8000</size>
         <input_file_ref idref="fl-17"/>
      </object_component>
      <object_component id="oc-28b">
         <name>.bss:xStart</name>
         <uninitialized>true</uninitialized>
         <run_address>0x20008284</run_address>
         <size>0x8</size>
         <input_file_ref idref="fl-17"/>
      </object_component>
      <object_component id="oc-1a6">
         <name>.bss:pxReadyTasksLists</name>
         <uninitialized>true</uninitialized>
         <run_address>0x20008120</run_address>
         <size>0xc8</size>
         <input_file_ref idref="fl-1b"/>
      </object_component>
      <object_component id="oc-1bb">
         <name>.bss:xDelayedTaskList1</name>
         <uninitialized>true</uninitialized>
         <run_address>0x20008210</run_address>
         <size>0x14</size>
         <input_file_ref idref="fl-1b"/>
      </object_component>
      <object_component id="oc-1be">
         <name>.bss:xDelayedTaskList2</name>
         <uninitialized>true</uninitialized>
         <run_address>0x20008224</run_address>
         <size>0x14</size>
         <input_file_ref idref="fl-1b"/>
      </object_component>
      <object_component id="oc-1ac">
         <name>.bss</name>
         <uninitialized>true</uninitialized>
         <run_address>0x20008274</run_address>
         <size>0x8</size>
         <input_file_ref idref="fl-1b"/>
      </object_component>
      <object_component id="oc-1b8">
         <name>.bss:xPendingReadyList</name>
         <uninitialized>true</uninitialized>
         <run_address>0x20008238</run_address>
         <size>0x14</size>
         <input_file_ref idref="fl-1b"/>
      </object_component>
      <object_component id="oc-1a9">
         <name>.bss:xTasksWaitingTermination</name>
         <uninitialized>true</uninitialized>
         <run_address>0x20008260</run_address>
         <size>0x14</size>
         <input_file_ref idref="fl-1b"/>
      </object_component>
      <object_component id="oc-1af">
         <name>.bss:xSuspendedTaskList</name>
         <uninitialized>true</uninitialized>
         <run_address>0x2000824c</run_address>
         <size>0x14</size>
         <input_file_ref idref="fl-1b"/>
      </object_component>
      <object_component id="oc-2a3">
         <name>.bss:xActiveTimerList1</name>
         <uninitialized>true</uninitialized>
         <run_address>0x200081e8</run_address>
         <size>0x14</size>
         <input_file_ref idref="fl-1c"/>
      </object_component>
      <object_component id="oc-2a6">
         <name>.bss:xActiveTimerList2</name>
         <uninitialized>true</uninitialized>
         <run_address>0x200081fc</run_address>
         <size>0x14</size>
         <input_file_ref idref="fl-1c"/>
      </object_component>
      <object_component id="oc-2a0">
         <name>.bss</name>
         <uninitialized>true</uninitialized>
         <run_address>0x2000827c</run_address>
         <size>0x8</size>
         <input_file_ref idref="fl-1c"/>
      </object_component>
      <object_component id="oc-3ce">
         <name>.bss:_CIOBUF_</name>
         <uninitialized>true</uninitialized>
         <run_address>0x20008000</run_address>
         <size>0x120</size>
         <input_file_ref idref="fl-ec"/>
      </object_component>
      <object_component id="oc-2cd">
         <name>.common:Lcd_ScreenWidth</name>
         <uninitialized>true</uninitialized>
         <run_address>0x200082b2</run_address>
         <size>0x2</size>
      </object_component>
      <object_component id="oc-2d0">
         <name>.common:Lcd_ScreenHeigth</name>
         <uninitialized>true</uninitialized>
         <run_address>0x200082b0</run_address>
         <size>0x2</size>
      </object_component>
      <object_component id="oc-f0">
         <name>.common:Task_Accelerometer_Handle</name>
         <uninitialized>true</uninitialized>
         <run_address>0x20008298</run_address>
         <size>0x4</size>
      </object_component>
      <object_component id="oc-13d">
         <name>.common:Task_Accelerometer_Timer_Handle</name>
         <uninitialized>true</uninitialized>
         <run_address>0x2000829c</run_address>
         <size>0x4</size>
      </object_component>
      <object_component id="oc-141">
         <name>.common:Task_Action_Timer_Handle</name>
         <uninitialized>true</uninitialized>
         <run_address>0x200082a0</run_address>
         <size>0x4</size>
      </object_component>
      <object_component id="oc-13e">
         <name>.common:Task_Amb_Light_Handle</name>
         <uninitialized>true</uninitialized>
         <run_address>0x200082a4</run_address>
         <size>0x4</size>
      </object_component>
      <object_component id="oc-13c">
         <name>.common:Task_Bop_It_Handle</name>
         <uninitialized>true</uninitialized>
         <run_address>0x200082a8</run_address>
         <size>0x4</size>
      </object_component>
      <object_component id="oc-ed">
         <name>.common:Queue_Bop_It</name>
         <uninitialized>true</uninitialized>
         <run_address>0x20008294</run_address>
         <size>0x4</size>
      </object_component>
      <object_component id="oc-104">
         <name>.common:Task_Buttons_Handle</name>
         <uninitialized>true</uninitialized>
         <run_address>0x200082ac</run_address>
         <size>0x4</size>
      </object_component>
      <object_component id="oc-39d">
         <name>.common:parmbuf</name>
         <uninitialized>true</uninitialized>
         <run_address>0x2000828c</run_address>
         <size>0x8</size>
      </object_component>
      <object_component id="oc-29">
         <name>.stack</name>
         <uninitialized>true</uninitialized>
         <run_address>0x2000fe00</run_address>
         <size>0x4</size>
         <input_file_ref idref="fl-e3"/>
      </object_component>
      <object_component id="oc-413">
         <name>.stack</name>
         <uninitialized>true</uninitialized>
         <run_address>0x2000fe00</run_address>
         <size>0x0</size>
      </object_component>
      <object_component id="oc-211">
         <name>.debug_info</name>
         <load_address>0x0</load_address>
         <run_address>0x0</run_address>
         <size>0x14c</size>
         <input_file_ref idref="fl-2"/>
      </object_component>
      <object_component id="oc-2f0">
         <name>.debug_info</name>
         <load_address>0x14c</load_address>
         <run_address>0x14c</run_address>
         <size>0x15a</size>
         <input_file_ref idref="fl-2"/>
      </object_component>
      <object_component id="oc-2ed">
         <name>.debug_info</name>
         <load_address>0x2a6</load_address>
         <run_address>0x2a6</run_address>
         <size>0x19f</size>
         <input_file_ref idref="fl-2"/>
      </object_component>
      <object_component id="oc-10f">
         <name>.debug_info</name>
         <load_address>0x445</load_address>
         <run_address>0x445</run_address>
         <size>0x26b</size>
         <input_file_ref idref="fl-2"/>
      </object_component>
      <object_component id="oc-32">
         <name>.debug_info</name>
         <load_address>0x6b0</load_address>
         <run_address>0x6b0</run_address>
         <size>0x84</size>
         <input_file_ref idref="fl-2"/>
      </object_component>
      <object_component id="oc-1d6">
         <name>.debug_info</name>
         <load_address>0x734</load_address>
         <run_address>0x734</run_address>
         <size>0x2a4</size>
         <input_file_ref idref="fl-2"/>
      </object_component>
      <object_component id="oc-df">
         <name>.debug_info</name>
         <load_address>0x9d8</load_address>
         <run_address>0x9d8</run_address>
         <size>0xbb</size>
         <input_file_ref idref="fl-2"/>
      </object_component>
      <object_component id="oc-389">
         <name>.debug_info</name>
         <load_address>0xa93</load_address>
         <run_address>0xa93</run_address>
         <size>0x14c</size>
         <input_file_ref idref="fl-3"/>
      </object_component>
      <object_component id="oc-2f6">
         <name>.debug_info</name>
         <load_address>0xbdf</load_address>
         <run_address>0xbdf</run_address>
         <size>0x15a</size>
         <input_file_ref idref="fl-3"/>
      </object_component>
      <object_component id="oc-2f3">
         <name>.debug_info</name>
         <load_address>0xd39</load_address>
         <run_address>0xd39</run_address>
         <size>0x19f</size>
         <input_file_ref idref="fl-3"/>
      </object_component>
      <object_component id="oc-380">
         <name>.debug_info</name>
         <load_address>0xed8</load_address>
         <run_address>0xed8</run_address>
         <size>0x14d</size>
         <input_file_ref idref="fl-4"/>
      </object_component>
      <object_component id="oc-2ea">
         <name>.debug_info</name>
         <load_address>0x1025</load_address>
         <run_address>0x1025</run_address>
         <size>0x15d</size>
         <input_file_ref idref="fl-4"/>
      </object_component>
      <object_component id="oc-2e7">
         <name>.debug_info</name>
         <load_address>0x1182</load_address>
         <run_address>0x1182</run_address>
         <size>0x1a4</size>
         <input_file_ref idref="fl-4"/>
      </object_component>
      <object_component id="oc-37b">
         <name>.debug_info</name>
         <load_address>0x1326</load_address>
         <run_address>0x1326</run_address>
         <size>0x14a</size>
         <input_file_ref idref="fl-5"/>
      </object_component>
      <object_component id="oc-2e4">
         <name>.debug_info</name>
         <load_address>0x1470</load_address>
         <run_address>0x1470</run_address>
         <size>0x154</size>
         <input_file_ref idref="fl-5"/>
      </object_component>
      <object_component id="oc-2e1">
         <name>.debug_info</name>
         <load_address>0x15c4</load_address>
         <run_address>0x15c4</run_address>
         <size>0x195</size>
         <input_file_ref idref="fl-5"/>
      </object_component>
      <object_component id="oc-314">
         <name>.debug_info</name>
         <load_address>0x1759</load_address>
         <run_address>0x1759</run_address>
         <size>0x147</size>
         <input_file_ref idref="fl-6"/>
      </object_component>
      <object_component id="oc-2d2">
         <name>.debug_info</name>
         <load_address>0x18a0</load_address>
         <run_address>0x18a0</run_address>
         <size>0x14b</size>
         <input_file_ref idref="fl-6"/>
      </object_component>
      <object_component id="oc-246">
         <name>.debug_info</name>
         <load_address>0x19eb</load_address>
         <run_address>0x19eb</run_address>
         <size>0x186</size>
         <input_file_ref idref="fl-6"/>
      </object_component>
      <object_component id="oc-371">
         <name>.debug_info</name>
         <load_address>0x1b71</load_address>
         <run_address>0x1b71</run_address>
         <size>0x149</size>
         <input_file_ref idref="fl-7"/>
      </object_component>
      <object_component id="oc-2d8">
         <name>.debug_info</name>
         <load_address>0x1cba</load_address>
         <run_address>0x1cba</run_address>
         <size>0x151</size>
         <input_file_ref idref="fl-7"/>
      </object_component>
      <object_component id="oc-2d5">
         <name>.debug_info</name>
         <load_address>0x1e0b</load_address>
         <run_address>0x1e0b</run_address>
         <size>0x190</size>
         <input_file_ref idref="fl-7"/>
      </object_component>
      <object_component id="oc-376">
         <name>.debug_info</name>
         <load_address>0x1f9b</load_address>
         <run_address>0x1f9b</run_address>
         <size>0x149</size>
         <input_file_ref idref="fl-8"/>
      </object_component>
      <object_component id="oc-2de">
         <name>.debug_info</name>
         <load_address>0x20e4</load_address>
         <run_address>0x20e4</run_address>
         <size>0x15b</size>
         <input_file_ref idref="fl-8"/>
      </object_component>
      <object_component id="oc-2db">
         <name>.debug_info</name>
         <load_address>0x223f</load_address>
         <run_address>0x223f</run_address>
         <size>0x1a4</size>
         <input_file_ref idref="fl-8"/>
      </object_component>
      <object_component id="oc-1d5">
         <name>.debug_info</name>
         <load_address>0x23e3</load_address>
         <run_address>0x23e3</run_address>
         <size>0x6f9</size>
         <input_file_ref idref="fl-9"/>
      </object_component>
      <object_component id="oc-137">
         <name>.debug_info</name>
         <load_address>0x2adc</load_address>
         <run_address>0x2adc</run_address>
         <size>0xa18</size>
         <input_file_ref idref="fl-9"/>
      </object_component>
      <object_component id="oc-f4">
         <name>.debug_info</name>
         <load_address>0x34f4</load_address>
         <run_address>0x34f4</run_address>
         <size>0xc6</size>
         <input_file_ref idref="fl-9"/>
      </object_component>
      <object_component id="oc-14b">
         <name>.debug_info</name>
         <load_address>0x35ba</load_address>
         <run_address>0x35ba</run_address>
         <size>0x315</size>
         <input_file_ref idref="fl-9"/>
      </object_component>
      <object_component id="oc-f9">
         <name>.debug_info</name>
         <load_address>0x38cf</load_address>
         <run_address>0x38cf</run_address>
         <size>0x37e2</size>
         <input_file_ref idref="fl-9"/>
      </object_component>
      <object_component id="oc-1eb">
         <name>.debug_info</name>
         <load_address>0x70b1</load_address>
         <run_address>0x70b1</run_address>
         <size>0x1055</size>
         <input_file_ref idref="fl-9"/>
      </object_component>
      <object_component id="oc-1f5">
         <name>.debug_info</name>
         <load_address>0x8106</load_address>
         <run_address>0x8106</run_address>
         <size>0x189</size>
         <input_file_ref idref="fl-9"/>
      </object_component>
      <object_component id="oc-204">
         <name>.debug_info</name>
         <load_address>0x828f</load_address>
         <run_address>0x828f</run_address>
         <size>0x48b</size>
         <input_file_ref idref="fl-9"/>
      </object_component>
      <object_component id="oc-1f0">
         <name>.debug_info</name>
         <load_address>0x871a</load_address>
         <run_address>0x871a</run_address>
         <size>0x4f</size>
         <input_file_ref idref="fl-9"/>
      </object_component>
      <object_component id="oc-108">
         <name>.debug_info</name>
         <load_address>0x8769</load_address>
         <run_address>0x8769</run_address>
         <size>0x8b</size>
         <input_file_ref idref="fl-9"/>
      </object_component>
      <object_component id="oc-d5">
         <name>.debug_info</name>
         <load_address>0x87f4</load_address>
         <run_address>0x87f4</run_address>
         <size>0x2c</size>
         <input_file_ref idref="fl-9"/>
      </object_component>
      <object_component id="oc-da">
         <name>.debug_info</name>
         <load_address>0x8820</load_address>
         <run_address>0x8820</run_address>
         <size>0x53</size>
         <input_file_ref idref="fl-9"/>
      </object_component>
      <object_component id="oc-1fa">
         <name>.debug_info</name>
         <load_address>0x8873</load_address>
         <run_address>0x8873</run_address>
         <size>0xcc</size>
         <input_file_ref idref="fl-9"/>
      </object_component>
      <object_component id="oc-1ff">
         <name>.debug_info</name>
         <load_address>0x893f</load_address>
         <run_address>0x893f</run_address>
         <size>0x35</size>
         <input_file_ref idref="fl-9"/>
      </object_component>
      <object_component id="oc-1cb">
         <name>.debug_info</name>
         <load_address>0x8974</load_address>
         <run_address>0x8974</run_address>
         <size>0x14c</size>
         <input_file_ref idref="fl-9"/>
      </object_component>
      <object_component id="oc-125">
         <name>.debug_info</name>
         <load_address>0x8ac0</load_address>
         <run_address>0x8ac0</run_address>
         <size>0x132c</size>
         <input_file_ref idref="fl-a"/>
      </object_component>
      <object_component id="oc-2ce">
         <name>.debug_info</name>
         <load_address>0x9dec</load_address>
         <run_address>0x9dec</run_address>
         <size>0xc1d</size>
         <input_file_ref idref="fl-b"/>
      </object_component>
      <object_component id="oc-22e">
         <name>.debug_info</name>
         <load_address>0xaa09</load_address>
         <run_address>0xaa09</run_address>
         <size>0x1370</size>
         <input_file_ref idref="fl-b"/>
      </object_component>
      <object_component id="oc-38e">
         <name>.debug_info</name>
         <load_address>0xbd79</load_address>
         <run_address>0xbd79</run_address>
         <size>0x14b</size>
         <input_file_ref idref="fl-c"/>
      </object_component>
      <object_component id="oc-2fc">
         <name>.debug_info</name>
         <load_address>0xbec4</load_address>
         <run_address>0xbec4</run_address>
         <size>0x157</size>
         <input_file_ref idref="fl-c"/>
      </object_component>
      <object_component id="oc-2f9">
         <name>.debug_info</name>
         <load_address>0xc01b</load_address>
         <run_address>0xc01b</run_address>
         <size>0x19a</size>
         <input_file_ref idref="fl-c"/>
      </object_component>
      <object_component id="oc-150">
         <name>.debug_info</name>
         <load_address>0xc1b5</load_address>
         <run_address>0xc1b5</run_address>
         <size>0xb3f</size>
         <input_file_ref idref="fl-d"/>
      </object_component>
      <object_component id="oc-ab">
         <name>.debug_info</name>
         <load_address>0xccf4</load_address>
         <run_address>0xccf4</run_address>
         <size>0x59f</size>
         <input_file_ref idref="fl-d"/>
      </object_component>
      <object_component id="oc-86">
         <name>.debug_info</name>
         <load_address>0xd293</load_address>
         <run_address>0xd293</run_address>
         <size>0x35c</size>
         <input_file_ref idref="fl-e"/>
      </object_component>
      <object_component id="oc-27">
         <name>.debug_info</name>
         <load_address>0xd5ef</load_address>
         <run_address>0xd5ef</run_address>
         <size>0x108</size>
         <input_file_ref idref="fl-e"/>
      </object_component>
      <object_component id="oc-6b">
         <name>.debug_info</name>
         <load_address>0xd6f7</load_address>
         <run_address>0xd6f7</run_address>
         <size>0x1cf</size>
         <input_file_ref idref="fl-e"/>
      </object_component>
      <object_component id="oc-ff">
         <name>.debug_info</name>
         <load_address>0xd8c6</load_address>
         <run_address>0xd8c6</run_address>
         <size>0x101</size>
         <input_file_ref idref="fl-f"/>
      </object_component>
      <object_component id="oc-be">
         <name>.debug_info</name>
         <load_address>0xd9c7</load_address>
         <run_address>0xd9c7</run_address>
         <size>0x273</size>
         <input_file_ref idref="fl-f"/>
      </object_component>
      <object_component id="oc-f1">
         <name>.debug_info</name>
         <load_address>0xdc3a</load_address>
         <run_address>0xdc3a</run_address>
         <size>0x8e5</size>
         <input_file_ref idref="fl-10"/>
      </object_component>
      <object_component id="oc-eb">
         <name>.debug_info</name>
         <load_address>0xe51f</load_address>
         <run_address>0xe51f</run_address>
         <size>0x1cd</size>
         <input_file_ref idref="fl-10"/>
      </object_component>
      <object_component id="oc-7a">
         <name>.debug_info</name>
         <load_address>0xe6ec</load_address>
         <run_address>0xe6ec</run_address>
         <size>0x951</size>
         <input_file_ref idref="fl-10"/>
      </object_component>
      <object_component id="oc-142">
         <name>.debug_info</name>
         <load_address>0xf03d</load_address>
         <run_address>0xf03d</run_address>
         <size>0x7ff</size>
         <input_file_ref idref="fl-11"/>
      </object_component>
      <object_component id="oc-252">
         <name>.debug_info</name>
         <load_address>0xf83c</load_address>
         <run_address>0xf83c</run_address>
         <size>0x14c</size>
         <input_file_ref idref="fl-11"/>
      </object_component>
      <object_component id="oc-146">
         <name>.debug_info</name>
         <load_address>0xf988</load_address>
         <run_address>0xf988</run_address>
         <size>0x2cc</size>
         <input_file_ref idref="fl-11"/>
      </object_component>
      <object_component id="oc-13f">
         <name>.debug_info</name>
         <load_address>0xfc54</load_address>
         <run_address>0xfc54</run_address>
         <size>0x843</size>
         <input_file_ref idref="fl-12"/>
      </object_component>
      <object_component id="oc-12b">
         <name>.debug_info</name>
         <load_address>0x10497</load_address>
         <run_address>0x10497</run_address>
         <size>0x5fe</size>
         <input_file_ref idref="fl-12"/>
      </object_component>
      <object_component id="oc-ee">
         <name>.debug_info</name>
         <load_address>0x10a95</load_address>
         <run_address>0x10a95</run_address>
         <size>0x943</size>
         <input_file_ref idref="fl-13"/>
      </object_component>
      <object_component id="oc-249">
         <name>.debug_info</name>
         <load_address>0x113d8</load_address>
         <run_address>0x113d8</run_address>
         <size>0x13e</size>
         <input_file_ref idref="fl-13"/>
      </object_component>
      <object_component id="oc-131">
         <name>.debug_info</name>
         <load_address>0x11516</load_address>
         <run_address>0x11516</run_address>
         <size>0x862</size>
         <input_file_ref idref="fl-13"/>
      </object_component>
      <object_component id="oc-105">
         <name>.debug_info</name>
         <load_address>0x11d78</load_address>
         <run_address>0x11d78</run_address>
         <size>0x8b3</size>
         <input_file_ref idref="fl-14"/>
      </object_component>
      <object_component id="oc-102">
         <name>.debug_info</name>
         <load_address>0x1262b</load_address>
         <run_address>0x1262b</run_address>
         <size>0x164</size>
         <input_file_ref idref="fl-14"/>
      </object_component>
      <object_component id="oc-7f">
         <name>.debug_info</name>
         <load_address>0x1278f</load_address>
         <run_address>0x1278f</run_address>
         <size>0xc06</size>
         <input_file_ref idref="fl-14"/>
      </object_component>
      <object_component id="oc-2bb">
         <name>.debug_info</name>
         <load_address>0x13395</load_address>
         <run_address>0x13395</run_address>
         <size>0x290</size>
         <input_file_ref idref="fl-15"/>
      </object_component>
      <object_component id="oc-1d0">
         <name>.debug_info</name>
         <load_address>0x13625</load_address>
         <run_address>0x13625</run_address>
         <size>0x48b</size>
         <input_file_ref idref="fl-15"/>
      </object_component>
      <object_component id="oc-35a">
         <name>.debug_info</name>
         <load_address>0x13ab0</load_address>
         <run_address>0x13ab0</run_address>
         <size>0xcc</size>
         <input_file_ref idref="fl-15"/>
      </object_component>
      <object_component id="oc-1c6">
         <name>.debug_info</name>
         <load_address>0x13b7c</load_address>
         <run_address>0x13b7c</run_address>
         <size>0x53</size>
         <input_file_ref idref="fl-15"/>
      </object_component>
      <object_component id="oc-2c5">
         <name>.debug_info</name>
         <load_address>0x13bcf</load_address>
         <run_address>0x13bcf</run_address>
         <size>0x6eb</size>
         <input_file_ref idref="fl-16"/>
      </object_component>
      <object_component id="oc-1e2">
         <name>.debug_info</name>
         <load_address>0x142ba</load_address>
         <run_address>0x142ba</run_address>
         <size>0x110</size>
         <input_file_ref idref="fl-16"/>
      </object_component>
      <object_component id="oc-283">
         <name>.debug_info</name>
         <load_address>0x143ca</load_address>
         <run_address>0x143ca</run_address>
         <size>0x48b</size>
         <input_file_ref idref="fl-16"/>
      </object_component>
      <object_component id="oc-361">
         <name>.debug_info</name>
         <load_address>0x14855</load_address>
         <run_address>0x14855</run_address>
         <size>0x76</size>
         <input_file_ref idref="fl-16"/>
      </object_component>
      <object_component id="oc-366">
         <name>.debug_info</name>
         <load_address>0x148cb</load_address>
         <run_address>0x148cb</run_address>
         <size>0x39</size>
         <input_file_ref idref="fl-16"/>
      </object_component>
      <object_component id="oc-347">
         <name>.debug_info</name>
         <load_address>0x14904</load_address>
         <run_address>0x14904</run_address>
         <size>0x109</size>
         <input_file_ref idref="fl-16"/>
      </object_component>
      <object_component id="oc-279">
         <name>.debug_info</name>
         <load_address>0x14a0d</load_address>
         <run_address>0x14a0d</run_address>
         <size>0x4f</size>
         <input_file_ref idref="fl-16"/>
      </object_component>
      <object_component id="oc-292">
         <name>.debug_info</name>
         <load_address>0x14a5c</load_address>
         <run_address>0x14a5c</run_address>
         <size>0x52a</size>
         <input_file_ref idref="fl-17"/>
      </object_component>
      <object_component id="oc-28f">
         <name>.debug_info</name>
         <load_address>0x14f86</load_address>
         <run_address>0x14f86</run_address>
         <size>0x13f</size>
         <input_file_ref idref="fl-17"/>
      </object_component>
      <object_component id="oc-28c">
         <name>.debug_info</name>
         <load_address>0x150c5</load_address>
         <run_address>0x150c5</run_address>
         <size>0x13f</size>
         <input_file_ref idref="fl-17"/>
      </object_component>
      <object_component id="oc-289">
         <name>.debug_info</name>
         <load_address>0x15204</load_address>
         <run_address>0x15204</run_address>
         <size>0x27f</size>
         <input_file_ref idref="fl-17"/>
      </object_component>
      <object_component id="oc-19b">
         <name>.debug_info</name>
         <load_address>0x15483</load_address>
         <run_address>0x15483</run_address>
         <size>0xdd4</size>
         <input_file_ref idref="fl-17"/>
      </object_component>
      <object_component id="oc-33e">
         <name>.debug_info</name>
         <load_address>0x16257</load_address>
         <run_address>0x16257</run_address>
         <size>0x62</size>
         <input_file_ref idref="fl-17"/>
      </object_component>
      <object_component id="oc-294">
         <name>.debug_info</name>
         <load_address>0x162b9</load_address>
         <run_address>0x162b9</run_address>
         <size>0x3e4</size>
         <input_file_ref idref="fl-18"/>
      </object_component>
      <object_component id="oc-1a3">
         <name>.debug_info</name>
         <load_address>0x1669d</load_address>
         <run_address>0x1669d</run_address>
         <size>0x79e</size>
         <input_file_ref idref="fl-18"/>
      </object_component>
      <object_component id="oc-1e1">
         <name>.debug_info</name>
         <load_address>0x16e3b</load_address>
         <run_address>0x16e3b</run_address>
         <size>0x94f</size>
         <input_file_ref idref="fl-19"/>
      </object_component>
      <object_component id="oc-e7">
         <name>.debug_info</name>
         <load_address>0x1778a</load_address>
         <run_address>0x1778a</run_address>
         <size>0x4628</size>
         <input_file_ref idref="fl-19"/>
      </object_component>
      <object_component id="oc-2c0">
         <name>.debug_info</name>
         <load_address>0x1bdb2</load_address>
         <run_address>0x1bdb2</run_address>
         <size>0x1ef</size>
         <input_file_ref idref="fl-19"/>
      </object_component>
      <object_component id="oc-1dc">
         <name>.debug_info</name>
         <load_address>0x1bfa1</load_address>
         <run_address>0x1bfa1</run_address>
         <size>0x46</size>
         <input_file_ref idref="fl-19"/>
      </object_component>
      <object_component id="oc-11b">
         <name>.debug_info</name>
         <load_address>0x1bfe7</load_address>
         <run_address>0x1bfe7</run_address>
         <size>0x2c</size>
         <input_file_ref idref="fl-1a"/>
      </object_component>
      <object_component id="oc-192">
         <name>.debug_info</name>
         <load_address>0x1c013</load_address>
         <run_address>0x1c013</run_address>
         <size>0x8ef</size>
         <input_file_ref idref="fl-1b"/>
      </object_component>
      <object_component id="oc-c4">
         <name>.debug_info</name>
         <load_address>0x1c902</load_address>
         <run_address>0x1c902</run_address>
         <size>0x39b</size>
         <input_file_ref idref="fl-1b"/>
      </object_component>
      <object_component id="oc-1a7">
         <name>.debug_info</name>
         <load_address>0x1cc9d</load_address>
         <run_address>0x1cc9d</run_address>
         <size>0x144</size>
         <input_file_ref idref="fl-1b"/>
      </object_component>
      <object_component id="oc-1bc">
         <name>.debug_info</name>
         <load_address>0x1cde1</load_address>
         <run_address>0x1cde1</run_address>
         <size>0x144</size>
         <input_file_ref idref="fl-1b"/>
      </object_component>
      <object_component id="oc-1bf">
         <name>.debug_info</name>
         <load_address>0x1cf25</load_address>
         <run_address>0x1cf25</run_address>
         <size>0x144</size>
         <input_file_ref idref="fl-1b"/>
      </object_component>
      <object_component id="oc-1ad">
         <name>.debug_info</name>
         <load_address>0x1d069</load_address>
         <run_address>0x1d069</run_address>
         <size>0x187</size>
         <input_file_ref idref="fl-1b"/>
      </object_component>
      <object_component id="oc-1b9">
         <name>.debug_info</name>
         <load_address>0x1d1f0</load_address>
         <run_address>0x1d1f0</run_address>
         <size>0x144</size>
         <input_file_ref idref="fl-1b"/>
      </object_component>
      <object_component id="oc-1aa">
         <name>.debug_info</name>
         <load_address>0x1d334</load_address>
         <run_address>0x1d334</run_address>
         <size>0x152</size>
         <input_file_ref idref="fl-1b"/>
      </object_component>
      <object_component id="oc-1b0">
         <name>.debug_info</name>
         <load_address>0x1d486</load_address>
         <run_address>0x1d486</run_address>
         <size>0x146</size>
         <input_file_ref idref="fl-1b"/>
      </object_component>
      <object_component id="oc-ca">
         <name>.debug_info</name>
         <load_address>0x1d5cc</load_address>
         <run_address>0x1d5cc</run_address>
         <size>0x7c39</size>
         <input_file_ref idref="fl-1b"/>
      </object_component>
      <object_component id="oc-193">
         <name>.debug_info</name>
         <load_address>0x25205</load_address>
         <run_address>0x25205</run_address>
         <size>0x30c</size>
         <input_file_ref idref="fl-1b"/>
      </object_component>
      <object_component id="oc-27e">
         <name>.debug_info</name>
         <load_address>0x25511</load_address>
         <run_address>0x25511</run_address>
         <size>0x16e</size>
         <input_file_ref idref="fl-1b"/>
      </object_component>
      <object_component id="oc-2af">
         <name>.debug_info</name>
         <load_address>0x2567f</load_address>
         <run_address>0x2567f</run_address>
         <size>0x885</size>
         <input_file_ref idref="fl-1c"/>
      </object_component>
      <object_component id="oc-2a4">
         <name>.debug_info</name>
         <load_address>0x25f04</load_address>
         <run_address>0x25f04</run_address>
         <size>0x144</size>
         <input_file_ref idref="fl-1c"/>
      </object_component>
      <object_component id="oc-2a7">
         <name>.debug_info</name>
         <load_address>0x26048</load_address>
         <run_address>0x26048</run_address>
         <size>0x144</size>
         <input_file_ref idref="fl-1c"/>
      </object_component>
      <object_component id="oc-2a1">
         <name>.debug_info</name>
         <load_address>0x2618c</load_address>
         <run_address>0x2618c</run_address>
         <size>0x17c</size>
         <input_file_ref idref="fl-1c"/>
      </object_component>
      <object_component id="oc-29e">
         <name>.debug_info</name>
         <load_address>0x26308</load_address>
         <run_address>0x26308</run_address>
         <size>0x168</size>
         <input_file_ref idref="fl-1c"/>
      </object_component>
      <object_component id="oc-1b3">
         <name>.debug_info</name>
         <load_address>0x26470</load_address>
         <run_address>0x26470</run_address>
         <size>0x2b50</size>
         <input_file_ref idref="fl-1c"/>
      </object_component>
      <object_component id="oc-2b0">
         <name>.debug_info</name>
         <load_address>0x28fc0</load_address>
         <run_address>0x28fc0</run_address>
         <size>0x1ce</size>
         <input_file_ref idref="fl-1c"/>
      </object_component>
      <object_component id="oc-2aa">
         <name>.debug_info</name>
         <load_address>0x2918e</load_address>
         <run_address>0x2918e</run_address>
         <size>0x46</size>
         <input_file_ref idref="fl-1c"/>
      </object_component>
      <object_component id="oc-d4">
         <name>.debug_info</name>
         <load_address>0x291d4</load_address>
         <run_address>0x291d4</run_address>
         <size>0x573</size>
         <input_file_ref idref="fl-1d"/>
      </object_component>
      <object_component id="oc-c7">
         <name>.debug_info</name>
         <load_address>0x29747</load_address>
         <run_address>0x29747</run_address>
         <size>0x1b9</size>
         <input_file_ref idref="fl-1d"/>
      </object_component>
      <object_component id="oc-d1">
         <name>.debug_info</name>
         <load_address>0x29900</load_address>
         <run_address>0x29900</run_address>
         <size>0x294</size>
         <input_file_ref idref="fl-1d"/>
      </object_component>
      <object_component id="oc-74">
         <name>.debug_info</name>
         <load_address>0x29b94</load_address>
         <run_address>0x29b94</run_address>
         <size>0x105d</size>
         <input_file_ref idref="fl-1d"/>
      </object_component>
      <object_component id="oc-6e">
         <name>.debug_info</name>
         <load_address>0x2abf1</load_address>
         <run_address>0x2abf1</run_address>
         <size>0x2a6</size>
         <input_file_ref idref="fl-1e"/>
      </object_component>
      <object_component id="oc-225">
         <name>.debug_info</name>
         <load_address>0x2ae97</load_address>
         <run_address>0x2ae97</run_address>
         <size>0x14c</size>
         <input_file_ref idref="fl-d8"/>
      </object_component>
      <object_component id="oc-219">
         <name>.debug_info</name>
         <load_address>0x2afe3</load_address>
         <run_address>0x2afe3</run_address>
         <size>0x128</size>
         <input_file_ref idref="fl-d9"/>
      </object_component>
      <object_component id="oc-21f">
         <name>.debug_info</name>
         <load_address>0x2b10b</load_address>
         <run_address>0x2b10b</run_address>
         <size>0x13a</size>
         <input_file_ref idref="fl-da"/>
      </object_component>
      <object_component id="oc-228">
         <name>.debug_info</name>
         <load_address>0x2b245</load_address>
         <run_address>0x2b245</run_address>
         <size>0x13e</size>
         <input_file_ref idref="fl-db"/>
      </object_component>
      <object_component id="oc-215">
         <name>.debug_info</name>
         <load_address>0x2b383</load_address>
         <run_address>0x2b383</run_address>
         <size>0x12c</size>
         <input_file_ref idref="fl-dc"/>
      </object_component>
      <object_component id="oc-39">
         <name>.debug_info</name>
         <load_address>0x2b4af</load_address>
         <run_address>0x2b4af</run_address>
         <size>0x119</size>
         <input_file_ref idref="fl-dd"/>
      </object_component>
      <object_component id="oc-9f">
         <name>.debug_info</name>
         <load_address>0x2b5c8</load_address>
         <run_address>0x2b5c8</run_address>
         <size>0x147</size>
         <input_file_ref idref="fl-de"/>
      </object_component>
      <object_component id="oc-9d">
         <name>.debug_info</name>
         <load_address>0x2b70f</load_address>
         <run_address>0x2b70f</run_address>
         <size>0x2d4</size>
         <input_file_ref idref="fl-df"/>
      </object_component>
      <object_component id="oc-4c">
         <name>.debug_info</name>
         <load_address>0x2b9e3</load_address>
         <run_address>0x2b9e3</run_address>
         <size>0x1b5</size>
         <input_file_ref idref="fl-df"/>
      </object_component>
      <object_component id="oc-98">
         <name>.debug_info</name>
         <load_address>0x2bb98</load_address>
         <run_address>0x2bb98</run_address>
         <size>0x46</size>
         <input_file_ref idref="fl-df"/>
      </object_component>
      <object_component id="oc-42">
         <name>.debug_info</name>
         <load_address>0x2bbde</load_address>
         <run_address>0x2bbde</run_address>
         <size>0x2a8</size>
         <input_file_ref idref="fl-e0"/>
      </object_component>
      <object_component id="oc-1e">
         <name>.debug_info</name>
         <load_address>0x2be86</load_address>
         <run_address>0x2be86</run_address>
         <size>0x1ea</size>
         <input_file_ref idref="fl-e0"/>
      </object_component>
      <object_component id="oc-3d">
         <name>.debug_info</name>
         <load_address>0x2c070</load_address>
         <run_address>0x2c070</run_address>
         <size>0x46</size>
         <input_file_ref idref="fl-e0"/>
      </object_component>
      <object_component id="oc-90">
         <name>.debug_info</name>
         <load_address>0x2c0b6</load_address>
         <run_address>0x2c0b6</run_address>
         <size>0x2c</size>
         <input_file_ref idref="fl-e0"/>
      </object_component>
      <object_component id="oc-8e">
         <name>.debug_info</name>
         <load_address>0x2c0e2</load_address>
         <run_address>0x2c0e2</run_address>
         <size>0x29e</size>
         <input_file_ref idref="fl-e1"/>
      </object_component>
      <object_component id="oc-19">
         <name>.debug_info</name>
         <load_address>0x2c380</load_address>
         <run_address>0x2c380</run_address>
         <size>0x250</size>
         <input_file_ref idref="fl-e1"/>
      </object_component>
      <object_component id="oc-2d">
         <name>.debug_info</name>
         <load_address>0x2c5d0</load_address>
         <run_address>0x2c5d0</run_address>
         <size>0x60</size>
         <input_file_ref idref="fl-e1"/>
      </object_component>
      <object_component id="oc-114">
         <name>.debug_info</name>
         <load_address>0x2c630</load_address>
         <run_address>0x2c630</run_address>
         <size>0x46</size>
         <input_file_ref idref="fl-e1"/>
      </object_component>
      <object_component id="oc-89">
         <name>.debug_info</name>
         <load_address>0x2c676</load_address>
         <run_address>0x2c676</run_address>
         <size>0x39</size>
         <input_file_ref idref="fl-e1"/>
      </object_component>
      <object_component id="oc-310">
         <name>.debug_info</name>
         <load_address>0x2c6af</load_address>
         <run_address>0x2c6af</run_address>
         <size>0x2ba</size>
         <input_file_ref idref="fl-e2"/>
      </object_component>
      <object_component id="oc-30d">
         <name>.debug_info</name>
         <load_address>0x2c969</load_address>
         <run_address>0x2c969</run_address>
         <size>0xfb</size>
         <input_file_ref idref="fl-e2"/>
      </object_component>
      <object_component id="oc-23b">
         <name>.debug_info</name>
         <load_address>0x2ca64</load_address>
         <run_address>0x2ca64</run_address>
         <size>0x15d</size>
         <input_file_ref idref="fl-e2"/>
      </object_component>
      <object_component id="oc-242">
         <name>.debug_info</name>
         <load_address>0x2cbc1</load_address>
         <run_address>0x2cbc1</run_address>
         <size>0x13d</size>
         <input_file_ref idref="fl-e2"/>
      </object_component>
      <object_component id="oc-2a">
         <name>.debug_info</name>
         <load_address>0x2ccfe</load_address>
         <run_address>0x2ccfe</run_address>
         <size>0x10b</size>
         <input_file_ref idref="fl-e3"/>
      </object_component>
      <object_component id="oc-59">
         <name>.debug_info</name>
         <load_address>0x2ce09</load_address>
         <run_address>0x2ce09</run_address>
         <size>0x1a9</size>
         <input_file_ref idref="fl-e3"/>
      </object_component>
      <object_component id="oc-30b">
         <name>.debug_info</name>
         <load_address>0x2cfb2</load_address>
         <run_address>0x2cfb2</run_address>
         <size>0x2a4</size>
         <input_file_ref idref="fl-e4"/>
      </object_component>
      <object_component id="oc-234">
         <name>.debug_info</name>
         <load_address>0x2d256</load_address>
         <run_address>0x2d256</run_address>
         <size>0x181</size>
         <input_file_ref idref="fl-e4"/>
      </object_component>
      <object_component id="oc-3a6">
         <name>.debug_info</name>
         <load_address>0x2d3d7</load_address>
         <run_address>0x2d3d7</run_address>
         <size>0x39</size>
         <input_file_ref idref="fl-e4"/>
      </object_component>
      <object_component id="oc-306">
         <name>.debug_info</name>
         <load_address>0x2d410</load_address>
         <run_address>0x2d410</run_address>
         <size>0x39</size>
         <input_file_ref idref="fl-e4"/>
      </object_component>
      <object_component id="oc-262">
         <name>.debug_info</name>
         <load_address>0x2d449</load_address>
         <run_address>0x2d449</run_address>
         <size>0x4b3</size>
         <input_file_ref idref="fl-e5"/>
      </object_component>
      <object_component id="oc-15e">
         <name>.debug_info</name>
         <load_address>0x2d8fc</load_address>
         <run_address>0x2d8fc</run_address>
         <size>0x1a6</size>
         <input_file_ref idref="fl-e5"/>
      </object_component>
      <object_component id="oc-329">
         <name>.debug_info</name>
         <load_address>0x2daa2</load_address>
         <run_address>0x2daa2</run_address>
         <size>0x39</size>
         <input_file_ref idref="fl-e5"/>
      </object_component>
      <object_component id="oc-3b6">
         <name>.debug_info</name>
         <load_address>0x2dadb</load_address>
         <run_address>0x2dadb</run_address>
         <size>0x39</size>
         <input_file_ref idref="fl-e5"/>
      </object_component>
      <object_component id="oc-32e">
         <name>.debug_info</name>
         <load_address>0x2db14</load_address>
         <run_address>0x2db14</run_address>
         <size>0x39</size>
         <input_file_ref idref="fl-e5"/>
      </object_component>
      <object_component id="oc-333">
         <name>.debug_info</name>
         <load_address>0x2db4d</load_address>
         <run_address>0x2db4d</run_address>
         <size>0xcd</size>
         <input_file_ref idref="fl-e5"/>
      </object_component>
      <object_component id="oc-a8">
         <name>.debug_info</name>
         <load_address>0x2dc1a</load_address>
         <run_address>0x2dc1a</run_address>
         <size>0x153</size>
         <input_file_ref idref="fl-e6"/>
      </object_component>
      <object_component id="oc-152">
         <name>.debug_info</name>
         <load_address>0x2dd6d</load_address>
         <run_address>0x2dd6d</run_address>
         <size>0x122</size>
         <input_file_ref idref="fl-e8"/>
      </object_component>
      <object_component id="oc-323">
         <name>.debug_info</name>
         <load_address>0x2de8f</load_address>
         <run_address>0x2de8f</run_address>
         <size>0x2c9</size>
         <input_file_ref idref="fl-e9"/>
      </object_component>
      <object_component id="oc-25c">
         <name>.debug_info</name>
         <load_address>0x2e158</load_address>
         <run_address>0x2e158</run_address>
         <size>0x11e</size>
         <input_file_ref idref="fl-e9"/>
      </object_component>
      <object_component id="oc-31d">
         <name>.debug_info</name>
         <load_address>0x2e276</load_address>
         <run_address>0x2e276</run_address>
         <size>0x12e</size>
         <input_file_ref idref="fl-e9"/>
      </object_component>
      <object_component id="oc-302">
         <name>.debug_info</name>
         <load_address>0x2e3a4</load_address>
         <run_address>0x2e3a4</run_address>
         <size>0x18d</size>
         <input_file_ref idref="fl-eb"/>
      </object_component>
      <object_component id="oc-3d6">
         <name>.debug_info</name>
         <load_address>0x2e531</load_address>
         <run_address>0x2e531</run_address>
         <size>0x39</size>
         <input_file_ref idref="fl-eb"/>
      </object_component>
      <object_component id="oc-3a1">
         <name>.debug_info</name>
         <load_address>0x2e56a</load_address>
         <run_address>0x2e56a</run_address>
         <size>0x39</size>
         <input_file_ref idref="fl-eb"/>
      </object_component>
      <object_component id="oc-3d2">
         <name>.debug_info</name>
         <load_address>0x2e5a3</load_address>
         <run_address>0x2e5a3</run_address>
         <size>0x2bb</size>
         <input_file_ref idref="fl-ec"/>
      </object_component>
      <object_component id="oc-3cf">
         <name>.debug_info</name>
         <load_address>0x2e85e</load_address>
         <run_address>0x2e85e</run_address>
         <size>0x108</size>
         <input_file_ref idref="fl-ec"/>
      </object_component>
      <object_component id="oc-392">
         <name>.debug_info</name>
         <load_address>0x2e966</load_address>
         <run_address>0x2e966</run_address>
         <size>0x1df</size>
         <input_file_ref idref="fl-ec"/>
      </object_component>
      <object_component id="oc-398">
         <name>.debug_info</name>
         <load_address>0x2eb45</load_address>
         <run_address>0x2eb45</run_address>
         <size>0x19a</size>
         <input_file_ref idref="fl-ec"/>
      </object_component>
      <object_component id="oc-39e">
         <name>.debug_info</name>
         <load_address>0x2ecdf</load_address>
         <run_address>0x2ecdf</run_address>
         <size>0x3a3</size>
         <input_file_ref idref="fl-ed"/>
      </object_component>
      <object_component id="oc-414">
         <name>.debug_info</name>
         <load_address>0x2f082</load_address>
         <run_address>0x2f082</run_address>
         <size>0xb4</size>
      </object_component>
      <object_component id="oc-2c7">
         <name>.debug_line</name>
         <load_address>0x0</load_address>
         <run_address>0x0</run_address>
         <size>0x20</size>
         <input_file_ref idref="fl-2"/>
      </object_component>
      <object_component id="oc-386">
         <name>.debug_line</name>
         <load_address>0x20</load_address>
         <run_address>0x20</run_address>
         <size>0x90</size>
         <input_file_ref idref="fl-2"/>
      </object_component>
      <object_component id="oc-384">
         <name>.debug_line</name>
         <load_address>0xb0</load_address>
         <run_address>0xb0</run_address>
         <size>0x90</size>
         <input_file_ref idref="fl-2"/>
      </object_component>
      <object_component id="oc-112">
         <name>.debug_line</name>
         <load_address>0x140</load_address>
         <run_address>0x140</run_address>
         <size>0x6f</size>
         <input_file_ref idref="fl-2"/>
      </object_component>
      <object_component id="oc-35">
         <name>.debug_line</name>
         <load_address>0x1af</load_address>
         <run_address>0x1af</run_address>
         <size>0x20</size>
         <input_file_ref idref="fl-2"/>
      </object_component>
      <object_component id="oc-1d9">
         <name>.debug_line</name>
         <load_address>0x1cf</load_address>
         <run_address>0x1cf</run_address>
         <size>0x73</size>
         <input_file_ref idref="fl-2"/>
      </object_component>
      <object_component id="oc-e2">
         <name>.debug_line</name>
         <load_address>0x242</load_address>
         <run_address>0x242</run_address>
         <size>0x70</size>
[...]
         <name>ulTaskGenericNotifyValueClear</name>
         <value>0x20a3</value>
         <object_component_ref idref="oc-c9"/>
      </symbol>
      <symbol id="sm-858">
         <name>xTaskGenericNotifyWait</name>
         <value>0x1b2d</value>
         <object_component_ref idref="oc-c9"/>
      </symbol>
      <symbol id="sm-859">
         <name>pxCurrentTCB</name>
         <value>0x200082b4</value>
         <object_component_ref idref="oc-c3"/>
      </symbol>
      <symbol id="sm-85a">
         <name>eTaskGetState</name>
         <value>0x539</value>
         <object_component_ref idref="oc-c9"/>
      </symbol>
      <symbol id="sm-85b">
         <name>vTaskSuspend</name>
         <value>0x7b1</value>
         <object_component_ref idref="oc-c9"/>
      </symbol>
      <symbol id="sm-85c">
         <name>xTaskGetTickCountFromISR</name>
         <value>0xbbb</value>
         <object_component_ref idref="oc-c9"/>
      </symbol>
      <symbol id="sm-85d">
         <name>vTaskResume</name>
         <value>0x915</value>
         <object_component_ref idref="oc-c9"/>
      </symbol>
      <symbol id="sm-85e">
         <name>vTaskPlaceOnEventListRestricted</name>
         <value>0x10f5</value>
         <object_component_ref idref="oc-c9"/>
      </symbol>
      <symbol id="sm-85f">
         <name>vTaskSetTimeOutState</name>
         <value>0x125b</value>
         <object_component_ref idref="oc-c9"/>
      </symbol>
      <symbol id="sm-860">
         <name>xTaskIncrementTick</name>
         <value>0xd85</value>
         <object_component_ref idref="oc-c9"/>
      </symbol>
      <symbol id="sm-861">
         <name>vTaskSwitchContext</name>
         <value>0xf89</value>
         <object_component_ref idref="oc-c9"/>
      </symbol>
      <symbol id="sm-862">
         <name>uxTaskResetEventItemValue</name>
         <value>0x1a33</value>
         <object_component_ref idref="oc-c9"/>
      </symbol>
      <symbol id="sm-863">
         <name>xTaskGetSchedulerState</name>
         <value>0x175b</value>
         <object_component_ref idref="oc-c9"/>
      </symbol>
      <symbol id="sm-864">
         <name>xTaskGetCurrentTaskHandle</name>
         <value>0x174b</value>
         <object_component_ref idref="oc-c9"/>
      </symbol>
      <symbol id="sm-865">
         <name>vTaskPlaceOnUnorderedEventList</name>
         <value>0x108d</value>
         <object_component_ref idref="oc-c9"/>
      </symbol>
      <symbol id="sm-866">
         <name>xTaskRemoveFromEventList</name>
         <value>0x1135</value>
         <object_component_ref idref="oc-c9"/>
      </symbol>
      <symbol id="sm-867">
         <name>eTaskConfirmSleepModeStatus</name>
         <value>0x13fd</value>
         <object_component_ref idref="oc-c9"/>
      </symbol>
      <symbol id="sm-868">
         <name>xTaskPriorityInherit</name>
         <value>0x17a5</value>
         <object_component_ref idref="oc-c9"/>
      </symbol>
      <symbol id="sm-925">
         <name>vTimerSetTimerNumber</name>
         <value>0x3a17</value>
         <object_component_ref idref="oc-1b2"/>
      </symbol>
      <symbol id="sm-926">
         <name>xTimerGetTimerDaemonTaskHandle</name>
         <value>0x33fb</value>
         <object_component_ref idref="oc-1b2"/>
      </symbol>
      <symbol id="sm-927">
         <name>pcTimerGetName</name>
         <value>0x34f3</value>
         <object_component_ref idref="oc-1b2"/>
      </symbol>
      <symbol id="sm-928">
         <name>xTimerCreateTimerTask</name>
         <value>0x3299</value>
         <object_component_ref idref="oc-1b2"/>
      </symbol>
      <symbol id="sm-929">
         <name>xTimerGetExpiryTime</name>
         <value>0x34c9</value>
         <object_component_ref idref="oc-1b2"/>
      </symbol>
      <symbol id="sm-92a">
         <name>uxTimerGetTimerNumber</name>
         <value>0x3a09</value>
         <object_component_ref idref="oc-1b2"/>
      </symbol>
      <symbol id="sm-92b">
         <name>xTimerIsTimerActive</name>
         <value>0x3971</value>
         <object_component_ref idref="oc-1b2"/>
      </symbol>
      <symbol id="sm-92c">
         <name>xTimerGetPeriod</name>
         <value>0x341d</value>
         <object_component_ref idref="oc-1b2"/>
      </symbol>
      <symbol id="sm-92d">
         <name>xTimerCreate</name>
         <value>0x32d9</value>
         <object_component_ref idref="oc-1b2"/>
      </symbol>
      <symbol id="sm-92e">
         <name>vTimerSetReloadMode</name>
         <value>0x3443</value>
         <object_component_ref idref="oc-1b2"/>
      </symbol>
      <symbol id="sm-92f">
         <name>xTimerGenericCommand</name>
         <value>0x337b</value>
         <object_component_ref idref="oc-1b2"/>
      </symbol>
      <symbol id="sm-930">
         <name>uxTimerGetReloadMode</name>
         <value>0x348d</value>
         <object_component_ref idref="oc-1b2"/>
      </symbol>
      <symbol id="sm-931">
         <name>pvTimerGetTimerID</name>
         <value>0x39ad</value>
         <object_component_ref idref="oc-1b2"/>
      </symbol>
      <symbol id="sm-932">
         <name>vTimerSetTimerID</name>
         <value>0x39db</value>
         <object_component_ref idref="oc-1b2"/>
      </symbol>
      <symbol id="sm-99a">
         <name>ulMaxSyscallInterruptPriority</name>
         <value>0x66e8</value>
         <object_component_ref idref="oc-c6"/>
      </symbol>
      <symbol id="sm-99b">
         <name>vPortSetupTimerInterrupt</name>
         <value>0x4411</value>
         <object_component_ref idref="oc-72"/>
      </symbol>
      <symbol id="sm-99c">
         <name>vPortEndScheduler</name>
         <value>0x41f9</value>
         <object_component_ref idref="oc-72"/>
      </symbol>
      <symbol id="sm-99d">
         <name>vPortSuppressTicksAndSleep</name>
         <value>0x42b9</value>
         <object_component_ref idref="oc-72"/>
      </symbol>
      <symbol id="sm-99e">
         <name>xPortSysTickHandler</name>
         <value>0x428b</value>
         <object_component_ref idref="oc-72"/>
      </symbol>
      <symbol id="sm-99f">
         <name>vPortValidateInterruptPriority</name>
         <value>0x4459</value>
         <object_component_ref idref="oc-72"/>
      </symbol>
      <symbol id="sm-9a0">
         <name>pxPortInitialiseStack</name>
         <value>0x40b5</value>
         <object_component_ref idref="oc-72"/>
      </symbol>
      <symbol id="sm-9a1">
         <name>vPortExitCritical</name>
         <value>0x425f</value>
         <object_component_ref idref="oc-72"/>
      </symbol>
      <symbol id="sm-9a2">
         <name>xPortStartScheduler</name>
         <value>0x4141</value>
         <object_component_ref idref="oc-72"/>
      </symbol>
      <symbol id="sm-9a3">
         <name>vPortEnterCritical</name>
         <value>0x421d</value>
         <object_component_ref idref="oc-72"/>
      </symbol>
      <symbol id="sm-9b2">
         <name>vPortStartFirstTask</name>
         <value>0x5d69</value>
         <object_component_ref idref="oc-6d"/>
      </symbol>
      <symbol id="sm-9b3">
         <name>ulPortGetIPSR</name>
         <value>0x5cd1</value>
         <object_component_ref idref="oc-6d"/>
      </symbol>
      <symbol id="sm-9b4">
         <name>vPortEnableVFP</name>
         <value>0x5d8d</value>
         <object_component_ref idref="oc-6d"/>
      </symbol>
      <symbol id="sm-9b5">
         <name>xPortPendSVHandler</name>
         <value>0x5ce9</value>
         <object_component_ref idref="oc-6d"/>
      </symbol>
      <symbol id="sm-9b6">
         <name>vPortSVCHandler</name>
         <value>0x5d49</value>
         <object_component_ref idref="oc-6d"/>
      </symbol>
      <symbol id="sm-9cd">
         <name>__aeabi_dsub</name>
         <value>0x54ed</value>
         <object_component_ref idref="oc-222"/>
      </symbol>
      <symbol id="sm-9ce">
         <name>__aeabi_dadd</name>
         <value>0x54f7</value>
         <object_component_ref idref="oc-222"/>
      </symbol>
      <symbol id="sm-9e0">
         <name>__aeabi_cdcmpeq</name>
         <value>0x5e37</value>
         <object_component_ref idref="oc-218"/>
      </symbol>
      <symbol id="sm-9e1">
         <name>__aeabi_cdcmple</name>
         <value>0x5e37</value>
         <object_component_ref idref="oc-218"/>
      </symbol>
      <symbol id="sm-9ec">
         <name>__aeabi_dmul</name>
         <value>0x5bc5</value>
         <object_component_ref idref="oc-21d"/>
      </symbol>
      <symbol id="sm-9f8">
         <name>__aeabi_d2f</name>
         <value>0x5f37</value>
         <object_component_ref idref="oc-227"/>
      </symbol>
      <symbol id="sm-a02">
         <name>__aeabi_i2d</name>
         <value>0x61d5</value>
         <object_component_ref idref="oc-213"/>
      </symbol>
      <symbol id="sm-a1d">
         <name>memcpy</name>
         <value>0x5d9b</value>
         <object_component_ref idref="oc-37"/>
      </symbol>
      <symbol id="sm-a1e">
         <name>__aeabi_memcpy</name>
         <value>0x5d9b</value>
         <object_component_ref idref="oc-37"/>
      </symbol>
      <symbol id="sm-a1f">
         <name>__aeabi_memcpy8</name>
         <value>0x5d9b</value>
         <object_component_ref idref="oc-37"/>
      </symbol>
      <symbol id="sm-a20">
         <name>__aeabi_memcpy4</name>
         <value>0x5d9b</value>
         <object_component_ref idref="oc-37"/>
      </symbol>
      <symbol id="sm-a2f">
         <name>__aeabi_memset</name>
         <value>0x5ebf</value>
         <object_component_ref idref="oc-9e"/>
      </symbol>
      <symbol id="sm-a30">
         <name>memset</name>
         <value>0x5ec5</value>
         <object_component_ref idref="oc-9e"/>
      </symbol>
      <symbol id="sm-a31">
         <name>__aeabi_memset8</name>
         <value>0x5ebf</value>
         <object_component_ref idref="oc-9e"/>
      </symbol>
      <symbol id="sm-a32">
         <name>__aeabi_memset4</name>
         <value>0x5ebf</value>
         <object_component_ref idref="oc-9e"/>
      </symbol>
      <symbol id="sm-a33">
         <name>__aeabi_memclr8</name>
         <value>0x5ebd</value>
         <object_component_ref idref="oc-9e"/>
      </symbol>
      <symbol id="sm-a34">
         <name>__aeabi_memclr4</name>
         <value>0x5ebd</value>
         <object_component_ref idref="oc-9e"/>
      </symbol>
      <symbol id="sm-a35">
         <name>__aeabi_memclr</name>
         <value>0x5ebd</value>
         <object_component_ref idref="oc-9e"/>
      </symbol>
      <symbol id="sm-a47">
         <name>__TI_zero_init</name>
         <value>0x6253</value>
         <object_component_ref idref="oc-49"/>
      </symbol>
      <symbol id="sm-a5e">
         <name>__TI_decompress_none</name>
         <value>0x6237</value>
         <object_component_ref idref="oc-1d"/>
      </symbol>
      <symbol id="sm-a81">
         <name>__TI_decompress_lzss</name>
         <value>0x5fa5</value>
         <object_component_ref idref="oc-17"/>
      </symbol>
      <symbol id="sm-aa6">
         <name>rand</name>
         <value>0x61a1</value>
         <object_component_ref idref="oc-23f"/>
      </symbol>
      <symbol id="sm-aa7">
         <name>srand</name>
         <value>0x6205</value>
         <object_component_ref idref="oc-239"/>
      </symbol>
      <symbol id="sm-aba">
         <name>__stack</name>
         <value>0x2000fe00</value>
         <object_component_ref idref="oc-29"/>
      </symbol>
      <symbol id="sm-abb">
         <name>_c_int00_noargs</name>
         <value>0x616d</value>
         <object_component_ref idref="oc-55"/>
      </symbol>
      <symbol id="sm-ad3">
         <name>__time32</name>
         <value>0x6229</value>
         <object_component_ref idref="oc-233"/>
      </symbol>
      <symbol id="sm-ad4">
         <name>time</name>
         <value>0x6229</value>
         <object_component_ref idref="oc-233"/>
      </symbol>
      <symbol id="sm-afc">
         <name>__TI_auto_init_nobinit_nopinit</name>
         <value>0x60bd</value>
         <object_component_ref idref="oc-15d"/>
      </symbol>
      <symbol id="sm-b06">
         <name>_system_pre_init</name>
         <value>0x625f</value>
         <object_component_ref idref="oc-a4"/>
      </symbol>
      <symbol id="sm-b12">
         <name>C$$EXIT</name>
         <value>0x6263</value>
         <object_component_ref idref="oc-151"/>
      </symbol>
      <symbol id="sm-b13">
         <name>abort</name>
         <value>0x6263</value>
         <object_component_ref idref="oc-151"/>
      </symbol>
      <symbol id="sm-b28">
         <name>_nop</name>
         <value>0x56a3</value>
         <object_component_ref idref="oc-31b"/>
      </symbol>
      <symbol id="sm-b29">
         <name>_lock</name>
         <value>0x20008324</value>
         <object_component_ref idref="oc-25b"/>
      </symbol>
      <symbol id="sm-b2a">
         <name>_unlock</name>
         <value>0x20008328</value>
         <object_component_ref idref="oc-25b"/>
      </symbol>
      <symbol id="sm-b43">
         <name>HOSTtime</name>
         <value>0x6075</value>
         <object_component_ref idref="oc-2ff"/>
      </symbol>
      <symbol id="sm-b67">
         <name>__TI_readmsg</name>
         <value>0x6139</value>
         <object_component_ref idref="oc-397"/>
      </symbol>
      <symbol id="sm-b68">
         <name>C$$IO$$</name>
         <value>0x612f</value>
         <object_component_ref idref="oc-391"/>
      </symbol>
      <symbol id="sm-b69">
         <name>__CIOBUF_</name>
         <value>0x20008000</value>
         <object_component_ref idref="oc-3ce"/>
      </symbol>
      <symbol id="sm-b6a">
         <name>__TI_writemsg</name>
         <value>0x6101</value>
         <object_component_ref idref="oc-391"/>
      </symbol>
      <symbol id="sm-b70">
         <name>parmbuf</name>
         <value>0x2000828c</value>
      </symbol>
      <symbol id="sm-b72">
         <name>__TI_static_base__</name>
         <value>0x0</value>
      </symbol>
      <symbol id="sm-b75">
         <name>__mpu_init</name>
         <value>0x0</value>
      </symbol>
      <symbol id="sm-b76">
         <name>_system_post_cinit</name>
         <value>0x0</value>
      </symbol>
      <symbol id="sm-b77">
         <name>NMI_Handler</name>
         <value>0x6251</value>
      </symbol>
      <symbol id="sm-b78">
         <name>HardFault_Handler</name>
         <value>0x6251</value>
      </symbol>
      <symbol id="sm-b79">
         <name>MemManage_Handler</name>
         <value>0x6251</value>
      </symbol>
      <symbol id="sm-b7a">
         <name>BusFault_Handler</name>
         <value>0x6251</value>
      </symbol>
      <symbol id="sm-b7b">
         <name>UsageFault_Handler</name>
         <value>0x6251</value>
      </symbol>
      <symbol id="sm-b7c">
         <name>SVC_Handler</name>
         <value>0x6251</value>
      </symbol>
      <symbol id="sm-b7d">
         <name>DebugMon_Handler</name>
         <value>0x6251</value>
      </symbol>
      <symbol id="sm-b7e">
         <name>PendSV_Handler</name>
         <value>0x6251</value>
      </symbol>
      <symbol id="sm-b7f">
         <name>SysTick_Handler</name>
         <value>0x6251</value>
      </symbol>
      <symbol id="sm-b80">
         <name>PSS_IRQHandler</name>
         <value>0x6251</value>
      </symbol>
      <symbol id="sm-b81">
         <name>CS_IRQHandler</name>
         <value>0x6251</value>
      </symbol>
      <symbol id="sm-b82">
         <name>PCM_IRQHandler</name>
         <value>0x6251</value>
      </symbol>
      <symbol id="sm-b83">
         <name>WDT_A_IRQHandler</name>
         <value>0x6251</value>
      </symbol>
      <symbol id="sm-b84">
         <name>FPU_IRQHandler</name>
         <value>0x6251</value>
      </symbol>
      <symbol id="sm-b85">
         <name>FLCTL_IRQHandler</name>
         <value>0x6251</value>
      </symbol>
      <symbol id="sm-b86">
         <name>COMP_E0_IRQHandler</name>
         <value>0x6251</value>
      </symbol>
      <symbol id="sm-b87">
         <name>COMP_E1_IRQHandler</name>
         <value>0x6251</value>
      </symbol>
      <symbol id="sm-b88">
         <name>TA0_0_IRQHandler</name>
         <value>0x6251</value>
      </symbol>
      <symbol id="sm-b89">
         <name>TA0_N_IRQHandler</name>
         <value>0x6251</value>
      </symbol>
      <symbol id="sm-b8a">
         <name>TA1_0_IRQHandler</name>
         <value>0x6251</value>
      </symbol>
      <symbol id="sm-b8b">
         <name>TA1_N_IRQHandler</name>
         <value>0x6251</value>
      </symbol>
      <symbol id="sm-b8c">
         <name>TA2_0_IRQHandler</name>
         <value>0x6251</value>
      </symbol>
      <symbol id="sm-b8d">
         <name>TA2_N_IRQHandler</name>
         <value>0x6251</value>
      </symbol>
      <symbol id="sm-b8e">
         <name>TA3_0_IRQHandler</name>
         <value>0x6251</value>
      </symbol>
      <symbol id="sm-b8f">
         <name>TA3_N_IRQHandler</name>
         <value>0x6251</value>
      </symbol>
      <symbol id="sm-b90">
         <name>EUSCIA0_IRQHandler</name>
         <value>0x6251</value>
      </symbol>
      <symbol id="sm-b91">
         <name>EUSCIA1_IRQHandler</name>
         <value>0x6251</value>
      </symbol>
      <symbol id="sm-b92">
         <name>EUSCIA2_IRQHandler</name>
         <value>0x6251</value>
      </symbol>
      <symbol id="sm-b93">
         <name>EUSCIA3_IRQHandler</name>
         <value>0x6251</value>
      </symbol>
      <symbol id="sm-b94">
         <name>EUSCIB0_IRQHandler</name>
         <value>0x6251</value>
      </symbol>
      <symbol id="sm-b95">
         <name>EUSCIB1_IRQHandler</name>
         <value>0x6251</value>
      </symbol>
      <symbol id="sm-b96">
         <name>EUSCIB2_IRQHandler</name>
         <value>0x6251</value>
      </symbol>
      <symbol id="sm-b97">
         <name>EUSCIB3_IRQHandler</name>
         <value>0x6251</value>
      </symbol>
      <symbol id="sm-b98">
         <name>ADC14_IRQHandler</name>
         <value>0x52a7</value>
      </symbol>
      <symbol id="sm-b99">
         <name>T32_INT1_IRQHandler</name>
         <value>0x5027</value>
      </symbol>
      <symbol id="sm-b9a">
         <name>T32_INT2_IRQHandler</name>
         <value>0x6251</value>
      </symbol>
      <symbol id="sm-b9b">
         <name>T32_INTC_IRQHandler</name>
         <value>0x6251</value>
      </symbol>
      <symbol id="sm-b9c">
         <name>AES256_IRQHandler</name>
         <value>0x6251</value>
      </symbol>
      <symbol id="sm-b9d">
         <name>RTC_C_IRQHandler</name>
         <value>0x6251</value>
      </symbol>
      <symbol id="sm-b9e">
         <name>DMA_ERR_IRQHandler</name>
         <value>0x6251</value>
      </symbol>
      <symbol id="sm-b9f">
         <name>DMA_INT3_IRQHandler</name>
         <value>0x6251</value>
      </symbol>
      <symbol id="sm-ba0">
         <name>DMA_INT2_IRQHandler</name>
         <value>0x6251</value>
      </symbol>
      <symbol id="sm-ba1">
         <name>DMA_INT1_IRQHandler</name>
         <value>0x6251</value>
      </symbol>
      <symbol id="sm-ba2">
         <name>DMA_INT0_IRQHandler</name>
         <value>0x6251</value>
      </symbol>
      <symbol id="sm-ba3">
         <name>PORT1_IRQHandler</name>
         <value>0x6251</value>
      </symbol>
      <symbol id="sm-ba4">
         <name>PORT2_IRQHandler</name>
         <value>0x6251</value>
      </symbol>
      <symbol id="sm-ba5">
         <name>PORT3_IRQHandler</name>
         <value>0x6251</value>
      </symbol>
      <symbol id="sm-ba6">
         <name>PORT4_IRQHandler</name>
         <value>0x6251</value>
      </symbol>
      <symbol id="sm-ba7">
         <name>PORT5_IRQHandler</name>
         <value>0x6251</value>
      </symbol>
      <symbol id="sm-ba8">
         <name>PORT6_IRQHandler</name>
         <value>0x6251</value>
      </symbol>
   </symbol_table>
   <title>Link successful</title>
</link_info>
